// Jest Snapshot v1, https://goo.gl/fbAQLP

exports[`Integrity Should render 1`] = `
<div
  className="App"
>
  <div
    className="Topbar container-fluid"
  >
    <span
      className="Topbar-title"
    >
      AIPLAYGROUND
    </span>
  </div>
</div>
`;
