// Jest Snapshot v1, https://goo.gl/fbAQLP

exports[`integrity Should render 1`] = `
<div
  className="Sidebar"
/>
`;
