// Jest Snapshot v1, https://goo.gl/fbAQLP

exports[`should render 1`] = `
<div
  className="SimletInfo"
>
  <h1
    className="SimletInfo-title"
  />
  <p
    className="SimletInfo-description"
  />
</div>
`;
