// Jest Snapshot v1, https://goo.gl/fbAQLP

exports[`integrity should render 1`] = `
<div
  className="Topbar row"
>
  <span
    className="Topbar-title"
  >
    AIPLAYGROUND
  </span>
</div>
`;
